******************************************************************************
                  TI ARM Linker PC v20.2.7                     
******************************************************************************
>> Linked Wed Oct 25 00:31:20 2023

OUTPUT FILE NAME:   <Lab07.out>
ENTRY POINT SYMBOL: "_c_int00_noargs"  address: 000007b5


MEMORY CONFIGURATION

         name            origin    length      used     unused   attr    fill
----------------------  --------  ---------  --------  --------  ----  --------
  FLASH                 00000000   00040000  000008f8  0003f708  R  X
  SRAM                  20000000   00008000  0000020c  00007df4  RW X


SEGMENT ALLOCATION MAP

run origin  load origin   length   init length attrs members
----------  ----------- ---------- ----------- ----- -------
00000000    00000000    000008f8   000008f8    r-x
  00000000    00000000    0000026c   0000026c    r-- .intvecs
  0000026c    0000026c    0000065c   0000065c    r-x .text
  000008c8    000008c8    00000030   00000030    r-- .cinit
20000000    20000000    0000020c   00000000    rw-
  20000000    20000000    00000200   00000000    rw- .stack
  20000200    20000200    00000008   00000000    rw- .bss
  20000208    20000208    00000004   00000000    rw- .data


SECTION ALLOCATION MAP

 output                                  attributes/
section   page    origin      length       input sections
--------  ----  ----------  ----------   ----------------
.intvecs   0    00000000    0000026c     
                  00000000    0000026c     tm4c123gh6pm_startup_ccs.obj (.intvecs)

.text      0    0000026c    0000065c     
                  0000026c    0000016c     main.obj (.text)
                  000003d8    00000132     driverlib.lib : gpio.obj (.text:GPIOPadConfigSet)
                  0000050a    00000002     --HOLE-- [fill = 0]
                  0000050c    000000f4                   : sysctl.obj (.text:SysCtlClockSet)
                  00000600    0000009c     rtsv7M4_T_le_v4SPD16_eabi.lib : memcpy_t2.asm.obj (.text)
                  0000069c    00000068                                   : copy_decompress_lzss.c.obj (.text:decompress:lzss:__TI_decompress_lzss)
                  00000704    00000044                                   : autoinit.c.obj (.text:__TI_auto_init_nobinit_nopinit:__TI_auto_init_nobinit_nopinit)
                  00000748    00000038     driverlib.lib : sysctl.obj (.text:SysCtlPeripheralReady)
                  00000780    00000034                   : sysctl.obj (.text:SysCtlPeripheralEnable)
                  000007b4    00000034     rtsv7M4_T_le_v4SPD16_eabi.lib : boot_cortex_m.c.obj (.text:_c_int00_noargs:_c_int00_noargs)
                  000007e8    0000002a     driverlib.lib : gpio.obj (.text:GPIODirModeSet)
                  00000812    0000001c     rtsv7M4_T_le_v4SPD16_eabi.lib : copy_zero_init.c.obj (.text:decompress:ZI:__TI_zero_init_nomemset:__TI_zero_init_nomemset)
                  0000082e    00000018     driverlib.lib : gpio.obj (.text:GPIOPinTypeGPIOOutput)
                  00000846    00000002     --HOLE-- [fill = 0]
                  00000848    00000014                   : systick.obj (.text:SysTickDisable)
                  0000085c    00000014                   : systick.obj (.text:SysTickEnable)
                  00000870    00000012                   : gpio.obj (.text:GPIOPinTypeGPIOInput)
                  00000882    00000002     --HOLE-- [fill = 0]
                  00000884    00000010                   : systick.obj (.text:SysTickPeriodSet)
                  00000894    0000000e     rtsv7M4_T_le_v4SPD16_eabi.lib : copy_decompress_none.c.obj (.text:decompress:none:__TI_decompress_none)
                  000008a2    0000000c     tm4c123gh6pm_startup_ccs.obj (.text)
                  000008ae    00000006     driverlib.lib : gpio.obj (.text:GPIOPinRead)
                  000008b4    00000006                   : gpio.obj (.text:GPIOPinWrite)
                  000008ba    00000006                   : sysctl.obj (.text:SysCtlDelay)
                  000008c0    00000004     rtsv7M4_T_le_v4SPD16_eabi.lib : pre_init.c.obj (.text:_system_pre_init)
                  000008c4    00000004                                   : exit.c.obj (.text:abort:abort)

.cinit     0    000008c8    00000030     
                  000008c8    0000000c     (__TI_handler_table)
                  000008d4    00000004     --HOLE-- [fill = 0]
                  000008d8    00000008     (.cinit..bss.load) [load image, compression = zero_init]
                  000008e0    00000007     (.cinit..data.load) [load image, compression = lzss]
                  000008e7    00000001     --HOLE-- [fill = 0]
                  000008e8    00000010     (__TI_cinit_table)

.init_array 
*          0    00000000    00000000     UNINITIALIZED

.bss       0    20000200    00000008     UNINITIALIZED
                  20000200    00000004     (.common:i)
                  20000204    00000004     (.common:valor)

.data      0    20000208    00000004     UNINITIALIZED
                  20000208    00000004     main.obj (.data)

.stack     0    20000000    00000200     UNINITIALIZED
                  20000000    00000004     rtsv7M4_T_le_v4SPD16_eabi.lib : boot_cortex_m.c.obj (.stack)
                  20000004    000001fc     --HOLE--

__llvm_prf_cnts 
*          0    20000000    00000000     UNINITIALIZED

MODULE SUMMARY

       Module                         code   ro data   rw data
       ------                         ----   -------   -------
    .\
       tm4c123gh6pm_startup_ccs.obj   12     620       0      
       main.obj                       364    0         12     
    +--+------------------------------+------+---------+---------+
       Total:                         376    620       12     
                                                              
    C:/ti/TivaWare_C_Series-2.1.4.178/driverlib/ccs/Debug/driverlib.lib
       gpio.obj                       402    0         0      
       sysctl.obj                     358    0         0      
       systick.obj                    56     0         0      
    +--+------------------------------+------+---------+---------+
       Total:                         816    0         0      
                                                              
    C:\Users\Black\ccs\tools\compiler\ti-cgt-arm_20.2.7.LTS\lib\rtsv7M4_T_le_v4SPD16_eabi.lib
       memcpy_t2.asm.obj              156    0         0      
       copy_decompress_lzss.c.obj     104    0         0      
       autoinit.c.obj                 68     0         0      
       boot_cortex_m.c.obj            52     0         0      
       copy_zero_init.c.obj           28     0         0      
       copy_decompress_none.c.obj     14     0         0      
       exit.c.obj                     4      0         0      
       pre_init.c.obj                 4      0         0      
    +--+------------------------------+------+---------+---------+
       Total:                         430    0         0      
                                                              
       Stack:                         0      0         512    
       Linker Generated:              0      43        0      
    +--+------------------------------+------+---------+---------+
       Grand Total:                   1622   663       524    


LINKER GENERATED COPY TABLES

__TI_cinit_table @ 000008e8 records: 2, size/record: 8, table size: 16
	.bss: load addr=000008d8, load size=00000008 bytes, run addr=20000200, run size=00000008 bytes, compression=zero_init
	.data: load addr=000008e0, load size=00000007 bytes, run addr=20000208, run size=00000004 bytes, compression=lzss


LINKER GENERATED HANDLER TABLE

__TI_handler_table @ 000008c8 records: 3, size/record: 4, table size: 12
	index: 0, handler: __TI_decompress_lzss
	index: 1, handler: __TI_decompress_none
	index: 2, handler: __TI_zero_init


GLOBAL SYMBOLS: SORTED ALPHABETICALLY BY Name 

address   name                          
-------   ----                          
000008c5  C$$EXIT                       
000007e9  GPIODirModeSet                
000003d9  GPIOPadConfigSet              
000008af  GPIOPinRead                   
00000871  GPIOPinTypeGPIOInput          
0000082f  GPIOPinTypeGPIOOutput         
000008b5  GPIOPinWrite                  
000008a3  ResetISR                      
0000050d  SysCtlClockSet                
000008bb  SysCtlDelay                   
00000781  SysCtlPeripheralEnable        
00000749  SysCtlPeripheralReady         
00000849  SysTickDisable                
0000085d  SysTickEnable                 
00000885  SysTickPeriodSet              
20000200  __STACK_END                   
00000200  __STACK_SIZE                  
20000200  __STACK_TOP                   
000008e8  __TI_CINIT_Base               
000008f8  __TI_CINIT_Limit              
000008c8  __TI_Handler_Table_Base       
000008d4  __TI_Handler_Table_Limit      
00000705  __TI_auto_init_nobinit_nopinit
0000069d  __TI_decompress_lzss          
00000895  __TI_decompress_none          
ffffffff  __TI_pprof_out_hndl           
ffffffff  __TI_prof_data_size           
ffffffff  __TI_prof_data_start          
00000000  __TI_static_base__            
00000813  __TI_zero_init_nomemset       
00000601  __aeabi_memcpy                
00000601  __aeabi_memcpy4               
00000601  __aeabi_memcpy8               
ffffffff  __binit__                     
ffffffff  __c_args__                    
UNDEFED   __mpu_init                    
20000000  __stack                       
20000000  __start___llvm_prf_cnts       
20000000  __stop___llvm_prf_cnts        
000007b5  _c_int00_noargs               
UNDEFED   _system_post_cinit            
000008c1  _system_pre_init              
000008c5  abort                         
20000208  antirebote                    
ffffffff  binit                         
000002cd  delay                         
000002b1  delay1ms                      
00000000  g_pfnVectors                  
20000200  i                             
000002e9  main                          
00000601  memcpy                        
0000026d  setup                         
20000204  valor                         


GLOBAL SYMBOLS: SORTED BY Symbol Address 

address   name                          
-------   ----                          
00000000  __TI_static_base__            
00000000  g_pfnVectors                  
00000200  __STACK_SIZE                  
0000026d  setup                         
000002b1  delay1ms                      
000002cd  delay                         
000002e9  main                          
000003d9  GPIOPadConfigSet              
0000050d  SysCtlClockSet                
00000601  __aeabi_memcpy                
00000601  __aeabi_memcpy4               
00000601  __aeabi_memcpy8               
00000601  memcpy                        
0000069d  __TI_decompress_lzss          
00000705  __TI_auto_init_nobinit_nopinit
00000749  SysCtlPeripheralReady         
00000781  SysCtlPeripheralEnable        
000007b5  _c_int00_noargs               
000007e9  GPIODirModeSet                
00000813  __TI_zero_init_nomemset       
0000082f  GPIOPinTypeGPIOOutput         
00000849  SysTickDisable                
0000085d  SysTickEnable                 
00000871  GPIOPinTypeGPIOInput          
00000885  SysTickPeriodSet              
00000895  __TI_decompress_none          
000008a3  ResetISR                      
000008af  GPIOPinRead                   
000008b5  GPIOPinWrite                  
000008bb  SysCtlDelay                   
000008c1  _system_pre_init              
000008c5  C$$EXIT                       
000008c5  abort                         
000008c8  __TI_Handler_Table_Base       
000008d4  __TI_Handler_Table_Limit      
000008e8  __TI_CINIT_Base               
000008f8  __TI_CINIT_Limit              
20000000  __stack                       
20000000  __start___llvm_prf_cnts       
20000000  __stop___llvm_prf_cnts        
20000200  __STACK_END                   
20000200  __STACK_TOP                   
20000200  i                             
20000204  valor                         
20000208  antirebote                    
ffffffff  __TI_pprof_out_hndl           
ffffffff  __TI_prof_data_size           
ffffffff  __TI_prof_data_start          
ffffffff  __binit__                     
ffffffff  __c_args__                    
ffffffff  binit                         
UNDEFED   __mpu_init                    
UNDEFED   _system_post_cinit            

[53 symbols]
